To run a command as administrator (user "root"), use "sudo «command»"
See "man sudo _root" for detatls.
bmscecse@bmscecse-HP-Eltte-Tower-600-G9-Desktop-PC:-$script
Script started, output log file is 'typescript'.
To run a connand as administrator (user "root"), use "sudo «connand»"
See "man sudo _root" for detatls.
brscecse@bnscecse-HP-El1te-Tower-600-69-Desktop-PC:-Snansudo_root
bmscecse@bmscecse-HP-Eltte-Tower-600-G9-Desktop-PC:-$mkdtrtoshin
brscecse@bnscecse-HP-Elite-Tower-600-G9-Desktop-PC:-$cdtoshin
brscecse@bmscecse-HP-El1te-Tower-600-G9-Desktop-PC:-/toshin$gedttUB1
brscecse@brscecse-HP-E11te-Tower-600-G9-Desktop-PC:~/toshinScatUB1.txt
cat: UB1.txt: No such file or dtrectory
brscecse@bmscecse-HP-El1te-Tower-600-G9-Desktop-PC:-/toshin$catUB1
HEY
this 1s my UB1
bmscecse@bmscecse-HP-E11te-Tower-600-G9-Desktop-PC:-/toshin$cat›UB2
HEY, EVERYONE WELCOME!
bmscecse@bmscecse-HP-E11te-Tower-600-G9-Desktop-PC:-/toshin$catUB2
HEY, EVERYONE WELCOME!
bnscecse@bmscecse-HP-Elte-Tower-600-G9-Desktop-PC:-/toshtn$gedttUB3
brscecse@bmscecse-HP-E11te-Tower-600-G9-Desktop-PC:-/toshinScpUB1UB3
brscecse@bnscecse-HP-E11te-Tower-600-G9-Desktop-PC:~/toshinScatUB3
HEY
this 1s my UB1
bascecse@bmscecse-HP-Eltte-Tower-600-G9-Desktop-PC:-/toshin$cd..
brscecse@bnscecse-HP-El1te-Tower-600-G9-Desktop-PC:-Snkdtrtoshin1
brscecse@bnscecse-HP-Eltte-Tower-600-G9-Desktop-PC:-$cdtoshin1
brscecse@bmscecse-HP-El1te-Tower-600-G9-Desktop-PC:~/toshiniSgeditUB4 brscecse@bnscecse-HP-El1te-Tower-600-G9-Desktop-PC:-/toshtn15cd..
brscecse@bnscecse-HP-Eltte-Tower-600-69-Desktop-PC:-$cdtoshin
bascecse@brscecse-HP-Ellte-Tower-600-G9-Desktop-PC:~/toshinsnkdtrtoshtn2
brscecse@bmscecse-HP-Elite-Tower-600-G9-Desktop-PC:~/toshin$cdtoshin
bash: cd: toshin: No such flle or directory
bnscecse@bmscecse-HP-El1te-Tower-600-G9-Desktop-PC:-/toshin$cdtoshin2
brscecse@bmscecse-HP-E11te-Tower-600-G9-Desktop-PC:~/toshin/toshin2$gedttF1
brscecse@brscecse-HP-Elfte-Tower-600-G9-Desktop-PC:-/toshtn/toshin2$catF1
Whats'app!
brscecse@bmscecse-HP-E11te-Tower-600-69-Desktop-PC:~/toshin/toshin2$cd..
bmscecse@bmscecse-HP-E11te-Tower-600-G9-Desktop-PC:-/toshtn$cpUB1F1
bmscecse@bnscecse-HP-E11te-Tower-600-G9-Desktop-PC:-/toshtn$cdtoshin2
brscecse@bmscecse-HP-E11te-Tower-600-G9-Desktop-PC:-/toshin/toshin2$catF1
Whats'app!
bmscecse@bmscecse-HP-Eltte-Tower-600-G9-Desktop-PC:-/toshin/toshinz$cdtoshinz
bash: cd: toshin2: No such file or directory
bascecse@bmscecse-HP-Elite-Tower-600-G9-Desktop-PC:-/toshin/toshin2$cd
brscecse@bnscecse-HP-El1te-Tower-600-G9-Desktop-PC:-/toshinScpUB1F1
bmscecse@bmscecse-HP-E11te-Tower-600-G9-Desktop-PC:-/toshin$catF1
HEY
this is my UB1
bmscecseebmscecse-HP-Eltte-Tower-600-G9-Desktop-PC:-/toshinscdtoshinz
bmscecse@bmscecse-HP-Eltte-Tower-600-G9-DesktoD-PC:-/toshin/toshin2$catF1
Whats'app!
bascecse@bnscecse-HP-EUte-Tower-600-G9-Desktop-PC:-/toshin/toshin25cd..
bnscecse@bascecse-HP-Ellte-Tower-600-G9-Desktop-PC:-/toshtnScatF1
HEY
this is my UB1
bnscecse@bnscecse-HP-Ellte-Tower-600-G9-Desktop-PC:-/toshtn$cpUB1toshin2/F1
bnscecse@bnscecse-HP-Ellte-Tower-600-G9-Desktop-PC:-/toshinscdtoshin2
bnscecse@bnscecse-HP-Eltte-Tower-600-69-Desktop-PC:-/toshin/toshin2$catF1
HEY
this is my UB1
bnscecse@bascecse-HP-E11te-Tower-600-69-Desktop-PC:-/toshtn/toshinz$cd..
bnscecse@brscecse-HP-El1te-Tower-600-G9-Desktop-PC:-/toshin$cpflle*toshin
cp: cannot stat
'flle*': No such flle or directory
brscecse@bnscese-HP-Eltte-Tower-600-G9-Desktop-PC:-/toshtnSgeditF2
bnscecse@bnscecse-HP-El1te-Tower-600-G9-Desktop-PC:-/toshinSgeditF3
bnscecse@bnscecse-HP-Elite-Tower-600-G9-Desktop-PC:-/toshinScp-1F2F3
cp: overwrite 'F3'? yes
bnscecse@bnscecse-HP-Ellte-Tower-600-G9-Desktop-PC:-/toshinSgeditF2
bnscecse@brscecse-MP-Eltte-Tower-600-69-Desktop-PC:-/toshtnScp-1F2F3
cp: overwrite 'F3'? yes
bnscecse@bnscecse-HP-Ellte-Tower-600-G9-Desktop-PC:-/toshinscatF3
BMSCE
BMSCE
BMSCE
bnscecse@brscecse-HP-E11te-Tower-600-69-Desktop-PC:-/toshin$rmF3
bnscecse@bnscecse-HP-Elite-Tower-600-G9-Desktop-PC:-/toshinscatF3
cat: F3: No such file or directory
bnscecse@bnscecse-HP-Eltte-Tower-600-69-Desktop-PC:-/toshinSnvevF2F2.0
ryav: connand not found
bnscecse@bnscecse-HP-Elite-Tower-600-69-Desktop-PC:-/toshtn$AVF2F2.0
brscecse@bnscecse-HP-El1te-Tower-600-69-Desktop-PC:-/toshin$catF2
cat: F2: No such file or directory
bnscecse@brscecse-HP-Elite-Tower-600-69-Desktop-PC:-/toshinscatF2.0
BMSCE
BMSCE
BMSCE
bnscecsegbnscecse-HP-Ellte-Tower-600-G9-Desktop-PC:-/toshin$nyUB1UB2 toshin2
bnscecse@bnscecse-HP-Ellte-Tower-600-69-Desktop-PC:-/toshin$cattoshtn2
cat: toshin2: Is a dtrectory
bnscecse@brscecse-HP-Eltte-Tower-600-G9-Desktop-PC:-/toshin$lstoshtn2
F1
UB1
U82
brscecse@bnscecse-HP-Eltte-Tower-600-G9-Desktop-PC:-/toshin$ls
F1
F2.0
toshin2
brscecse@brscecse-HP-Eltte-Tower-600-69-Desktop-PC:-/toshin$fileF1
F1: ASCII text
bnscecse@bnscecse-HP-ELtte-Tower-600-69-Desktop-PC:-/toshinSnkotrtoshin3
bnscecse@bnscecse-HP-El1te-Tower-600-69-Desktop-PC:-/toshinsedtoshin3
I
bnscecse@bnscecse-HP-Eltte-Tower-600-69-Desktop-PC:-/toshin/toshtn3Scd.•
brscecse@bmscecse-HP-Ellte-Tower-600-G9-Desktop-PC:-/toshin$mytoshin2toshin3
bnscecse@bnscecse-HP-El1te-Tower-600-G9-Desktop-PC:-/toshtn$cdtoshin3
bnscecse@bmsceese-HP-El1te-Tower-600-G9-Desktop-PC:-/toshtn/toshtn.Scd
bnscecse@bmscecse-HP-Eltte-Tower-600-G9-Desktop-PC:-/toshtnScdtoshin2
bash: cd: toshin2: No such file or dtrectory
brscecse@bmscecse-HP-Elte-Tower-600-G9-Desktop-PC:-/toshinststoshin2
ts: cannot access "toshin2": No such file or dtrectory
brscecse@bnscecse-HP-ELlte-Tower-600-69-Desktop-PC:-/toshinststoshin3
toshin2
brscecse@bnscecse-HP-E11te-Tower-600-69-Desktop-PC:-/toshinscdtoshin2
bash: cd: toshin2: No such file or directory
bnscecse@bnscecse-HP-Ellte-Tower-600-G9-Desktop-PC:-/toshinScdtoshin3
brscecse@bnscecse-HP-Ellte-Tower-600-G9-Desktop-PC:-/toshin/toshins$ts
toshin2
bascecse@bnscecse-HP-El1te-Tower-600-G9-Desktop-PC:-/toshtn/toshtn3fcdtoshin2
brscecse@bnscecse-HP-E11te-Tower-600-G9-Desktop-PC:-/toshtn/toshin3/toshinz$ls
F1
F1: ASCII text
bascecse@bnscecse-HP-Eltte-Tower-600-G9-Desktop-PC:-/toshtn/toshin3/toshtn2$vC-1F1
3 F1
bnscecse@brscecse-HP-E11te-Tower-600-G9-Desktop-PC:-/toshin/toshtn3/toshtn2$catF1
HEY
this is my UB1
brscecse@bascecse-HP-E11te-Tower-600-G9-Desktop-PC:-/toshin/toshtn3/toshin25cd
brscecse@brscecse-HP-El1te-Tower-600-G9-Desktop-PC:-/toshtn/toshin3Sco
brscecse@brscecse-HP-E11te-Tower-600-G9-Desktop-PC:-/toshinsgeditF3
bnscecse@bnscecse-HP-E11te-Tower-600-G9-Desktop-PC1-/toshtnscatF3
Hello Worldi
brscecse@bnscecse-HP-ELLte-Tower-600-G9-Desktop-PC1-/toshinsod-bF3
0000000 110 145 154 154 157 040 127 157 102 154 144 041 012
0000015
brscecse@brscecse-MP-E11te-Tower-600-G9-Desktop-PC:-/toshinsod-beF3
0000000 110 145 159 151 157 040 127 157 162 151 141 041 012
0000015
bracecse@bnscecse-HP-E11te-Tower-600-G9-Desktop-PC:-/toshinsgedit14
brscecse@brscecse-HP-E11te-Tower-600-G9-Desktop-PCi-/toshtnsgedttr5
brscecse@bnscecse-HP-EL1te-Tower-600-G9-Desktop-PC:-/toshinSchp14f5
14 15 differ: byte 1, line 1
bracecse@bRscecse-HP-ELtte-Tower-600-G9-Desktop-PCi-/toshtnsgedttf5
brscecse@brscecse-HP-EL1te-Tower-600-G9-Desktop-PC1-/toshtn$CRp14f5
cAp: EOF on 14 after byte 14, line 2
bnscecse@bnscecse-HP-E11te-Tower-600-G9-Desktop-PC1-/toshinscomm1415
           Hindi
           Kannada
 english
 tamil
bracecse@bnaceese-HP-E11te-Tower-600-G9-Desktop-PC:-/toshtnsgedit(4
besceese@braceese-NP-E11te-Tower-600-G9-Desktop-PC1-/toshinsgedit15
brscecse@brscecse-HP-E11te-Tower-600-G9-Desktop-PC1-/toshin$921pf4
gz1pf41 connand not found
anscecaegonscecse-HP-EL4te-Tower-600-G9-Desktop-PC1-/toshinsgalp14
bnscecse@brscecse-HP-E11t
gz4pr fS: unknown suffix a• lonored
Блвсесведбласесв®-HP-E11te-Tower-600-G9-Deaktop-PC1-/toshins$gzip.f5
PRECEC8EdOnECEC80-HP-EL4Ee-Tower-600-G9-Desktop-PCI-/toshins$gunzip.f5
brscecsegbracecke-HP-ELtte-Tower-